\BOOKMARK [1][-]{section.1}{\376\377\000I\000n\000t\000r\000o\000d\000u\000c\000t\000i\000o\000n}{}% 1
\BOOKMARK [2][-]{subsection.1.1}{\376\377\000L\000i\000m\000i\000t\000a\000t\000i\000o\000n\000s\000\040\000o\000f\000\040\000P\000r\000e\000f\000i\000x\000\040\000C\000a\000c\000h\000i\000n\000g\000\040\000i\000n\000\040\000D\000y\000n\000a\000m\000i\000c\000\040\000W\000o\000r\000k\000l\000o\000a\000d\000s}{section.1}% 2
\BOOKMARK [2][-]{subsection.1.2}{\376\377\000T\000h\000e\000\040\000V\000i\000r\000t\000u\000a\000l\000\040\000M\000e\000m\000o\000r\000y\000\040\000A\000n\000a\000l\000o\000g\000y}{section.1}% 3
\BOOKMARK [2][-]{subsection.1.3}{\376\377\000C\000o\000n\000t\000r\000i\000b\000u\000t\000i\000o\000n\000s}{section.1}% 4
\BOOKMARK [1][-]{section.2}{\376\377\000R\000e\000l\000a\000t\000e\000d\000\040\000W\000o\000r\000k}{}% 5
\BOOKMARK [2][-]{subsection.2.1}{\376\377\000K\000V\000\040\000C\000a\000c\000h\000e\000\040\000M\000a\000n\000a\000g\000e\000m\000e\000n\000t\000\040\000a\000n\000d\000\040\000D\000i\000s\000a\000g\000g\000r\000e\000g\000a\000t\000e\000d\000\040\000S\000e\000r\000v\000i\000n\000g}{section.2}% 6
\BOOKMARK [2][-]{subsection.2.2}{\376\377\000C\000o\000n\000s\000t\000r\000a\000i\000n\000e\000d\000\040\000D\000e\000c\000o\000d\000i\000n\000g}{section.2}% 7
\BOOKMARK [2][-]{subsection.2.3}{\376\377\000E\000f\000f\000i\000c\000i\000e\000n\000t\000\040\000A\000t\000t\000e\000n\000t\000i\000o\000n\000\040\000M\000e\000c\000h\000a\000n\000i\000s\000m\000s}{section.2}% 8
\BOOKMARK [2][-]{subsection.2.4}{\376\377\000C\000o\000m\000p\000a\000r\000a\000t\000i\000v\000e\000\040\000P\000o\000s\000i\000t\000i\000o\000n\000i\000n\000g}{section.2}% 9
\BOOKMARK [1][-]{section.3}{\376\377\000S\000y\000s\000t\000e\000m\000\040\000A\000r\000c\000h\000i\000t\000e\000c\000t\000u\000r\000e}{}% 10
\BOOKMARK [2][-]{subsection.3.1}{\376\377\000L\0001\000\040\000S\000e\000m\000a\000n\000t\000i\000c\000\040\000L\000o\000o\000k\000a\000s\000i\000d\000e\000\040\000B\000u\000f\000f\000e\000r\000\040\000\050\000S\000L\000B\000\051}{section.3}% 11
\BOOKMARK [3][-]{subsubsection.3.1.1}{\376\377\000S\000o\000A\000\040\000M\000e\000m\000o\000r\000y\000\040\000L\000a\000y\000o\000u\000t}{subsection.3.1}% 12
\BOOKMARK [3][-]{subsubsection.3.1.2}{\376\377\000S\000y\000m\000m\000e\000t\000r\000i\000c\000\040\000I\000N\000T\0008\000\040\000Q\000u\000a\000n\000t\000i\000z\000a\000t\000i\000o\000n}{subsection.3.1}% 13
\BOOKMARK [3][-]{subsubsection.3.1.3}{\376\377\000H\000a\000r\000d\000w\000a\000r\000e\000-\000S\000p\000e\000c\000i\000f\000i\000c\000\040\000S\000I\000M\000D\000\040\000K\000e\000r\000n\000e\000l\000s}{subsection.3.1}% 14
\BOOKMARK [3][-]{subsubsection.3.1.4}{\376\377\000S\000t\000r\000i\000d\000e\000-\000A\000w\000a\000r\000e\000\040\000O\000f\000f\000s\000e\000t\000\040\000C\000a\000l\000c\000u\000l\000a\000t\000i\000o\000n\000s}{subsection.3.1}% 15
\BOOKMARK [2][-]{subsection.3.2}{\376\377\000L\000e\000f\000t\000-\000C\000h\000i\000l\000d\000\040\000R\000i\000g\000h\000t\000-\000S\000i\000b\000l\000i\000n\000g\000\040\000\050\000L\000C\000R\000S\000\051\000\040\000R\000a\000d\000i\000x\000\040\000T\000r\000i\000e\000\040\000F\000S\000M}{section.3}% 16
\BOOKMARK [3][-]{subsubsection.3.2.1}{\376\377\000F\000l\000a\000t\000\040\000A\000r\000e\000n\000a\000\040\000R\000e\000p\000r\000e\000s\000e\000n\000t\000a\000t\000i\000o\000n}{subsection.3.2}% 17
\BOOKMARK [3][-]{subsubsection.3.2.2}{\376\377\000C\000a\000c\000h\000e\000-\000L\000i\000n\000e\000\040\000F\000a\000l\000s\000e\000\040\000S\000h\000a\000r\000i\000n\000g\000\040\000P\000r\000e\000v\000e\000n\000t\000i\000o\000n}{subsection.3.2}% 18
\BOOKMARK [3][-]{subsubsection.3.2.3}{\376\377\000Z\000e\000r\000o\000-\000A\000l\000l\000o\000c\000a\000t\000i\000o\000n\000\040\000L\000o\000g\000i\000t\000\040\000M\000a\000s\000k\000i\000n\000g}{subsection.3.2}% 19
\BOOKMARK [2][-]{subsection.3.3}{\376\377\000S\000t\000r\000i\000d\000e\000-\000A\000w\000a\000r\000e\000\040\000K\000V\000\040\000C\000a\000c\000h\000e\000\040\000S\000p\000l\000i\000c\000e\000r}{section.3}% 20
\BOOKMARK [3][-]{subsubsection.3.3.1}{\376\377\000T\000h\000e\000\040\000A\000e\000o\000n\000\040\000T\000o\000o\000l\000\040\000B\000l\000o\000c\000k\000\040\000\050\000A\000T\000B\000\051\000\040\000B\000i\000n\000a\000r\000y\000\040\000F\000o\000r\000m\000a\000t}{subsection.3.3}% 21
\BOOKMARK [3][-]{subsubsection.3.3.2}{\376\377\000C\000o\000n\000t\000i\000g\000u\000o\000u\000s\000\040\000S\000t\000r\000i\000d\000e\000\040\000V\000a\000l\000i\000d\000a\000t\000i\000o\000n}{subsection.3.3}% 22
\BOOKMARK [3][-]{subsubsection.3.3.3}{\376\377\000T\000r\000i\000g\000o\000n\000o\000m\000e\000t\000r\000i\000c\000\040\000R\000o\000P\000E\000\040\000P\000o\000s\000i\000t\000i\000o\000n\000\040\000S\000h\000i\000f\000t\000s}{subsection.3.3}% 23
\BOOKMARK [2][-]{subsection.3.4}{\376\377\000S\000p\000e\000c\000u\000l\000a\000t\000i\000v\000e\000\040\000S\000p\000l\000i\000c\000i\000n\000g\000\040\000a\000n\000d\000\040\000P\000r\000e\000f\000e\000t\000c\000h\000i\000n\000g\000\040\000P\000i\000p\000e\000l\000i\000n\000e}{section.3}% 24
\BOOKMARK [2][-]{subsection.3.5}{\376\377\000T\000h\000r\000e\000s\000h\000o\000l\000d\000-\000B\000a\000s\000e\000d\000\040\000A\000u\000t\000o\000-\000R\000o\000u\000t\000i\000n\000g\000\040\000F\000a\000s\000t\000\040\000P\000a\000t\000h}{section.3}% 25
\BOOKMARK [1][-]{section.4}{\376\377\000S\000y\000s\000t\000e\000m\000s\000\040\000E\000n\000g\000i\000n\000e\000e\000r\000i\000n\000g}{}% 26
\BOOKMARK [2][-]{subsection.4.1}{\376\377\000Z\000e\000r\000o\000-\000A\000l\000l\000o\000c\000a\000t\000i\000o\000n\000\040\000T\000a\000s\000k\000\040\000D\000i\000s\000p\000a\000t\000c\000h}{section.4}% 27
\BOOKMARK [3][-]{subsubsection.4.1.1}{\376\377\000V\000T\000a\000b\000l\000e\000\040\000T\000r\000a\000m\000p\000o\000l\000i\000n\000e\000\040\000a\000n\000d\000\040\000S\000t\000r\000i\000c\000t\000\040\000T\000y\000p\000e\000-\000P\000u\000n\000n\000i\000n\000g}{subsection.4.1}% 28
\BOOKMARK [3][-]{subsubsection.4.1.2}{\376\377\000L\000o\000c\000k\000-\000F\000r\000e\000e\000\040\000M\000P\000M\000C\000\040\000Q\000u\000e\000u\000e}{subsection.4.1}% 29
\BOOKMARK [2][-]{subsection.4.2}{\376\377\000C\000o\000n\000c\000u\000r\000r\000e\000n\000c\000y\000\040\000a\000n\000d\000\040\000L\000i\000f\000e\000t\000i\000m\000e\000\040\000S\000a\000f\000e\000t\000y}{section.4}% 30
\BOOKMARK [3][-]{subsubsection.4.2.1}{\376\377\000P\000a\000r\000t\000i\000c\000i\000p\000a\000t\000o\000r\000y\000\040\000F\000o\000r\000k\000-\000J\000o\000i\000n\000\040\000a\000n\000d\000\040\000D\000e\000a\000d\000l\000o\000c\000k\000\040\000P\000r\000e\000v\000e\000n\000t\000i\000o\000n}{subsection.4.2}% 31
\BOOKMARK [3][-]{subsubsection.4.2.2}{\376\377\000D\000e\000s\000t\000r\000u\000c\000t\000i\000v\000e\000\040\000M\000o\000v\000e\000\040\000S\000e\000m\000a\000n\000t\000i\000c\000s}{subsection.4.2}% 32
\BOOKMARK [3][-]{subsubsection.4.2.3}{\376\377\000L\000o\000c\000k\000-\000F\000r\000e\000e\000\040\000H\000a\000z\000a\000r\000d\000\040\000P\000o\000i\000n\000t\000e\000r\000\040\000R\000e\000c\000l\000a\000m\000a\000t\000i\000o\000n}{subsection.4.2}% 33
\BOOKMARK [3][-]{subsubsection.4.2.4}{\376\377\000D\000e\000c\000o\000u\000p\000l\000e\000d\000\040\000C\000o\000n\000t\000r\000o\000l\000\040\000B\000l\000o\000c\000k\000s}{subsection.4.2}% 34
\BOOKMARK [2][-]{subsection.4.3}{\376\377\000M\000e\000m\000o\000r\000y\000\040\000D\000e\000f\000e\000n\000s\000e\000\040\000a\000n\000d\000\040\000R\000e\000s\000o\000u\000r\000c\000e\000\040\000P\000r\000o\000t\000e\000c\000t\000i\000o\000n}{section.4}% 35
\BOOKMARK [3][-]{subsubsection.4.3.1}{\376\377\000U\000n\000i\000f\000i\000e\000d\000\040\000M\000e\000m\000o\000r\000y\000-\000A\000w\000a\000r\000e\000\040\0002\000Q\000\040\000E\000v\000i\000c\000t\000i\000o\000n}{subsection.4.3}% 36
\BOOKMARK [3][-]{subsubsection.4.3.2}{\376\377\000F\000a\000i\000l\000-\000F\000a\000s\000t\000\040\000A\000l\000l\000o\000c\000a\000t\000i\000o\000n\000\040\000a\000n\000d\000\040\000H\000u\000g\000e\000T\000L\000B\000\040\000M\000a\000p\000p\000i\000n\000g}{subsection.4.3}% 37
\BOOKMARK [1][-]{section.5}{\376\377\000E\000x\000p\000e\000r\000i\000m\000e\000n\000t\000a\000l\000\040\000E\000v\000a\000l\000u\000a\000t\000i\000o\000n}{}% 38
\BOOKMARK [2][-]{subsection.5.1}{\376\377\000E\000x\000p\000e\000r\000i\000m\000e\000n\000t\000a\000l\000\040\000S\000e\000t\000u\000p}{section.5}% 39
\BOOKMARK [2][-]{subsection.5.2}{\376\377\000E\000n\000d\000-\000t\000o\000-\000E\000n\000d\000\040\000L\000a\000t\000e\000n\000c\000y\000\040\000a\000n\000d\000\040\000S\000p\000l\000i\000c\000i\000n\000g\000\040\000S\000p\000e\000e\000d\000u\000p}{section.5}% 40
\BOOKMARK [2][-]{subsection.5.3}{\376\377\000C\000o\000n\000t\000e\000x\000t\000\040\000R\000o\000u\000t\000i\000n\000g\000\040\000P\000i\000p\000e\000l\000i\000n\000e\000\040\000B\000r\000e\000a\000k\000d\000o\000w\000n}{section.5}% 41
\BOOKMARK [2][-]{subsection.5.4}{\376\377\000M\000u\000l\000t\000i\000-\000T\000e\000n\000a\000n\000t\000\040\000C\000o\000n\000c\000u\000r\000r\000e\000n\000c\000y\000\040\000T\000h\000r\000o\000u\000g\000h\000p\000u\000t\000\040\000S\000c\000a\000l\000i\000n\000g}{section.5}% 42
\BOOKMARK [2][-]{subsection.5.5}{\376\377\000R\000o\000u\000t\000i\000n\000g\000\040\000A\000c\000c\000u\000r\000a\000c\000y\000\040\000a\000n\000d\000\040\000S\000p\000e\000c\000u\000l\000a\000t\000i\000v\000e\000\040\000L\000a\000t\000e\000n\000c\000y\000\040\000H\000i\000d\000i\000n\000g}{section.5}% 43
\BOOKMARK [1][-]{section.6}{\376\377\000D\000i\000s\000c\000u\000s\000s\000i\000o\000n\000\040\000a\000n\000d\000\040\000L\000i\000m\000i\000t\000a\000t\000i\000o\000n\000s}{}% 44
\BOOKMARK [2][-]{subsection.6.1}{\376\377\000P\000r\000e\000-\000C\000o\000m\000p\000i\000l\000a\000t\000i\000o\000n\000\040\000D\000e\000p\000e\000n\000d\000e\000n\000c\000y}{section.6}% 45
\BOOKMARK [2][-]{subsection.6.2}{\376\377\000R\000i\000g\000i\000d\000\040\000K\000V\000\040\000C\000a\000c\000h\000e\000\040\000L\000a\000y\000o\000u\000t\000\040\000C\000o\000n\000s\000t\000r\000a\000i\000n\000t\000s\000\040\000a\000n\000d\000\040\000P\000a\000g\000e\000d\000\040\000M\000e\000m\000o\000r\000y\000\040\000E\000n\000g\000i\000n\000e\000\040\000I\000n\000t\000e\000g\000r\000a\000t\000i\000o\000n}{section.6}% 46
\BOOKMARK [2][-]{subsection.6.3}{\376\377\000H\000o\000s\000t\000-\000D\000e\000v\000i\000c\000e\000\040\000S\000y\000n\000c\000\040\000L\000a\000t\000e\000n\000c\000y\000\040\000a\000n\000d\000\040\000D\000i\000s\000t\000r\000i\000b\000u\000t\000e\000d\000\040\000S\000y\000s\000t\000e\000m\000s\000\040\000T\000r\000a\000d\000e\000-\000o\000f\000f\000s}{section.6}% 47
\BOOKMARK [2][-]{subsection.6.4}{\376\377\000F\000u\000t\000u\000r\000e\000\040\000W\000o\000r\000k}{section.6}% 48
\BOOKMARK [1][-]{section.7}{\376\377\000C\000o\000n\000c\000l\000u\000s\000i\000o\000n}{}% 49
\BOOKMARK [1][-]{section*.1}{\376\377\000R\000e\000f\000e\000r\000e\000n\000c\000e\000s}{}% 50
